C:/Users/nuc/Desktop/FirstInfotainmentAU1/Core/Src/user_code.c:37:6:userMessage	16	static
C:/Users/nuc/Desktop/FirstInfotainmentAU1/Core/Src/user_code.c:42:6:userError	8	static
C:/Users/nuc/Desktop/FirstInfotainmentAU1/Core/Src/user_code.c:78:6:init_button	32	static
C:/Users/nuc/Desktop/FirstInfotainmentAU1/Core/Src/user_code.c:83:6:init_led	24	static
C:/Users/nuc/Desktop/FirstInfotainmentAU1/Core/Src/user_code.c:88:6:initialize_steering_buttons	8	static
C:/Users/nuc/Desktop/FirstInfotainmentAU1/Core/Src/user_code.c:109:6:ecu_task_request	0	static
C:/Users/nuc/Desktop/FirstInfotainmentAU1/Core/Src/user_code.c:120:6:msgOnTask	0	static
C:/Users/nuc/Desktop/FirstInfotainmentAU1/Core/Src/user_code.c:127:6:task_run_ecu_tasks	16	static
C:/Users/nuc/Desktop/FirstInfotainmentAU1/Core/Src/user_code.c:176:15:RepeatAsync	8	static
C:/Users/nuc/Desktop/FirstInfotainmentAU1/Core/Src/user_code.c:192:6:sendCanMessage	32	static
C:/Users/nuc/Desktop/FirstInfotainmentAU1/Core/Src/user_code.c:214:6:sendMissionRequest	0	static
C:/Users/nuc/Desktop/FirstInfotainmentAU1/Core/Src/user_code.c:228:6:sendResOpMode	0	static
C:/Users/nuc/Desktop/FirstInfotainmentAU1/Core/Src/user_code.c:206:6:mission_request	0	static
C:/Users/nuc/Desktop/FirstInfotainmentAU1/Core/Src/user_code.c:244:6:process_single_gui_message	0	static
C:/Users/nuc/Desktop/FirstInfotainmentAU1/Core/Src/user_code.c:257:6:task_process_gui_messages_rx	24	static
C:/Users/nuc/Desktop/FirstInfotainmentAU1/Core/Src/user_code.c:267:6:process_single_can_message	24	static
C:/Users/nuc/Desktop/FirstInfotainmentAU1/Core/Src/user_code.c:368:6:task_process_can_rx	40	static
C:/Users/nuc/Desktop/FirstInfotainmentAU1/Core/Src/user_code.c:384:6:task_process_buttons	8	static
C:/Users/nuc/Desktop/FirstInfotainmentAU1/Core/Src/user_code.c:405:6:task_send_missionrequest	8	static
C:/Users/nuc/Desktop/FirstInfotainmentAU1/Core/Src/user_code.c:415:6:task_send_resopmode	8	static
C:/Users/nuc/Desktop/FirstInfotainmentAU1/Core/Src/user_code.c:425:6:task_resetchassis	8	static
C:/Users/nuc/Desktop/FirstInfotainmentAU1/Core/Src/user_code.c:435:6:task_mock_lap_trigger	16	static
C:/Users/nuc/Desktop/FirstInfotainmentAU1/Core/Src/user_code.c:451:6:configuration	56	static
C:/Users/nuc/Desktop/FirstInfotainmentAU1/Core/Src/user_code.c:504:6:userDefaultTask	8	static
C:/Users/nuc/Desktop/FirstInfotainmentAU1/Core/Src/main.c:830:6:StartDefaultTask	8	static
C:/Users/nuc/Desktop/FirstInfotainmentAU1/Core/Src/main.c:211:6:SystemClock_Config	96	static
C:/Users/nuc/Desktop/FirstInfotainmentAU1/Core/Src/main.c:115:5:main	272	static
C:/Users/nuc/Desktop/FirstInfotainmentAU1/Core/Src/main.c:846:6:HAL_TIM_PeriodElapsedCallback	0	static
C:/Users/nuc/Desktop/FirstInfotainmentAU1/Core/Src/main.c:863:6:Error_Handler	0	static
