C:/Users/nuc/Desktop/FirstInfotainmentAU1/Core/Src/user_code.c:38:6:userMessage	16	static
C:/Users/nuc/Desktop/FirstInfotainmentAU1/Core/Src/user_code.c:43:6:userError	8	static
C:/Users/nuc/Desktop/FirstInfotainmentAU1/Core/Src/user_code.c:79:6:init_button	32	static
C:/Users/nuc/Desktop/FirstInfotainmentAU1/Core/Src/user_code.c:84:6:init_led	24	static
C:/Users/nuc/Desktop/FirstInfotainmentAU1/Core/Src/user_code.c:89:6:initialize_steering_buttons	8	static
C:/Users/nuc/Desktop/FirstInfotainmentAU1/Core/Src/user_code.c:110:6:ecu_task_request	0	static
C:/Users/nuc/Desktop/FirstInfotainmentAU1/Core/Src/user_code.c:121:6:msgOnTask	0	static
C:/Users/nuc/Desktop/FirstInfotainmentAU1/Core/Src/user_code.c:128:6:task_run_ecu_tasks	16	static
C:/Users/nuc/Desktop/FirstInfotainmentAU1/Core/Src/user_code.c:177:15:RepeatAsync	8	static
C:/Users/nuc/Desktop/FirstInfotainmentAU1/Core/Src/user_code.c:193:6:sendCanMessage	32	static
C:/Users/nuc/Desktop/FirstInfotainmentAU1/Core/Src/user_code.c:215:6:sendMissionRequest	0	static
C:/Users/nuc/Desktop/FirstInfotainmentAU1/Core/Src/user_code.c:229:6:sendResOpMode	0	static
C:/Users/nuc/Desktop/FirstInfotainmentAU1/Core/Src/user_code.c:207:6:mission_request	0	static
C:/Users/nuc/Desktop/FirstInfotainmentAU1/Core/Src/user_code.c:245:6:process_single_gui_message	0	static
C:/Users/nuc/Desktop/FirstInfotainmentAU1/Core/Src/user_code.c:258:6:task_process_gui_messages_rx	24	static
C:/Users/nuc/Desktop/FirstInfotainmentAU1/Core/Src/user_code.c:268:6:process_single_can_message	24	static
C:/Users/nuc/Desktop/FirstInfotainmentAU1/Core/Src/user_code.c:374:6:task_process_can_rx	40	static
C:/Users/nuc/Desktop/FirstInfotainmentAU1/Core/Src/user_code.c:390:6:task_process_buttons	8	static
C:/Users/nuc/Desktop/FirstInfotainmentAU1/Core/Src/user_code.c:411:6:task_send_missionrequest	8	static
C:/Users/nuc/Desktop/FirstInfotainmentAU1/Core/Src/user_code.c:421:6:task_send_resopmode	8	static
C:/Users/nuc/Desktop/FirstInfotainmentAU1/Core/Src/user_code.c:431:6:task_resetchassis	8	static
C:/Users/nuc/Desktop/FirstInfotainmentAU1/Core/Src/user_code.c:441:7:to_rad	8	static
C:/Users/nuc/Desktop/FirstInfotainmentAU1/Core/Src/user_code.c:448:7:gps_distance	72	static
C:/Users/nuc/Desktop/FirstInfotainmentAU1/Core/Src/user_code.c:463:6:lap_trigger_async	16	static
C:/Users/nuc/Desktop/FirstInfotainmentAU1/Core/Src/user_code.c:485:6:task_lap_trigger_autonomous	16	static
C:/Users/nuc/Desktop/FirstInfotainmentAU1/Core/Src/user_code.c:493:6:task_lap_trigger_manual	24	static
C:/Users/nuc/Desktop/FirstInfotainmentAU1/Core/Src/user_code.c:524:6:task_lap_trigger	0	static
C:/Users/nuc/Desktop/FirstInfotainmentAU1/Core/Src/user_code.c:535:6:configuration	40	static
C:/Users/nuc/Desktop/FirstInfotainmentAU1/Core/Src/user_code.c:587:6:userDefaultTask	8	static
C:/Users/nuc/Desktop/FirstInfotainmentAU1/Core/Src/main.c:830:6:StartDefaultTask	8	static
C:/Users/nuc/Desktop/FirstInfotainmentAU1/Core/Src/main.c:211:6:SystemClock_Config	96	static
C:/Users/nuc/Desktop/FirstInfotainmentAU1/Core/Src/main.c:115:5:main	272	static
C:/Users/nuc/Desktop/FirstInfotainmentAU1/Core/Src/main.c:846:6:HAL_TIM_PeriodElapsedCallback	0	static
C:/Users/nuc/Desktop/FirstInfotainmentAU1/Core/Src/main.c:863:6:Error_Handler	0	static
