C:/Users/Francesco/Downloads/FirstInfotainmentAU1/FirstInfotainmentAU1/Core/Src/main.c:752:6:StartDefaultTask	8	static
C:/Users/Francesco/Downloads/FirstInfotainmentAU1/FirstInfotainmentAU1/Core/Src/main.c:200:6:SystemClock_Config	96	static
C:/Users/Francesco/Downloads/FirstInfotainmentAU1/FirstInfotainmentAU1/Core/Src/main.c:110:5:main	248	static
C:/Users/Francesco/Downloads/FirstInfotainmentAU1/FirstInfotainmentAU1/Core/Src/main.c:771:6:HAL_TIM_PeriodElapsedCallback	0	static
C:/Users/Francesco/Downloads/FirstInfotainmentAU1/FirstInfotainmentAU1/Core/Src/main.c:788:6:Error_Handler	0	static
