C:/Users/nuc/Desktop/FirstInfotainmentAU1/Core/Src/user_code.c:36:6:userMessage	16	static
C:/Users/nuc/Desktop/FirstInfotainmentAU1/Core/Src/user_code.c:41:6:userError	8	static
C:/Users/nuc/Desktop/FirstInfotainmentAU1/Core/Src/user_code.c:77:6:init_button	32	static
C:/Users/nuc/Desktop/FirstInfotainmentAU1/Core/Src/user_code.c:82:6:init_led	24	static
C:/Users/nuc/Desktop/FirstInfotainmentAU1/Core/Src/user_code.c:87:6:initialize_steering_buttons	8	static
C:/Users/nuc/Desktop/FirstInfotainmentAU1/Core/Src/user_code.c:108:6:ecu_task_request	0	static
C:/Users/nuc/Desktop/FirstInfotainmentAU1/Core/Src/user_code.c:119:6:msgOnTask	0	static
C:/Users/nuc/Desktop/FirstInfotainmentAU1/Core/Src/user_code.c:126:6:task_run_ecu_tasks	16	static
C:/Users/nuc/Desktop/FirstInfotainmentAU1/Core/Src/user_code.c:175:15:RepeatAsync	8	static
C:/Users/nuc/Desktop/FirstInfotainmentAU1/Core/Src/user_code.c:191:6:sendCanMessage	32	static
C:/Users/nuc/Desktop/FirstInfotainmentAU1/Core/Src/user_code.c:213:6:sendMissionRequest	0	static
C:/Users/nuc/Desktop/FirstInfotainmentAU1/Core/Src/user_code.c:227:6:sendResOpMode	0	static
C:/Users/nuc/Desktop/FirstInfotainmentAU1/Core/Src/user_code.c:205:6:mission_request	0	static
C:/Users/nuc/Desktop/FirstInfotainmentAU1/Core/Src/user_code.c:243:6:process_single_gui_message	0	static
C:/Users/nuc/Desktop/FirstInfotainmentAU1/Core/Src/user_code.c:256:6:task_process_gui_messages_rx	24	static
C:/Users/nuc/Desktop/FirstInfotainmentAU1/Core/Src/user_code.c:266:6:process_single_can_message	24	static
C:/Users/nuc/Desktop/FirstInfotainmentAU1/Core/Src/user_code.c:367:6:task_process_can_rx	40	static
C:/Users/nuc/Desktop/FirstInfotainmentAU1/Core/Src/user_code.c:383:6:task_process_buttons	8	static
C:/Users/nuc/Desktop/FirstInfotainmentAU1/Core/Src/user_code.c:404:6:task_send_missionrequest	8	static
C:/Users/nuc/Desktop/FirstInfotainmentAU1/Core/Src/user_code.c:414:6:task_send_resopmode	8	static
C:/Users/nuc/Desktop/FirstInfotainmentAU1/Core/Src/user_code.c:424:6:task_resetchassis	8	static
C:/Users/nuc/Desktop/FirstInfotainmentAU1/Core/Src/user_code.c:434:6:task_lap_trigger	8	static
C:/Users/nuc/Desktop/FirstInfotainmentAU1/Core/Src/user_code.c:454:6:configuration	40	static
C:/Users/nuc/Desktop/FirstInfotainmentAU1/Core/Src/user_code.c:506:6:userDefaultTask	8	static
C:/Users/nuc/Desktop/FirstInfotainmentAU1/Core/Src/main.c:830:6:StartDefaultTask	8	static
C:/Users/nuc/Desktop/FirstInfotainmentAU1/Core/Src/main.c:211:6:SystemClock_Config	96	static
C:/Users/nuc/Desktop/FirstInfotainmentAU1/Core/Src/main.c:115:5:main	272	static
C:/Users/nuc/Desktop/FirstInfotainmentAU1/Core/Src/main.c:846:6:HAL_TIM_PeriodElapsedCallback	0	static
C:/Users/nuc/Desktop/FirstInfotainmentAU1/Core/Src/main.c:863:6:Error_Handler	0	static
