../../TouchGFX/gui/include/gui/model/ModelListener.hpp:13:18:virtual void ModelListener::gearChanged()	0	static
../../TouchGFX/gui/include/gui/model/ModelListener.hpp:14:18:virtual void ModelListener::infoChanged()	0	static
../../TouchGFX/gui/include/gui/model/ModelListener.hpp:15:18:virtual void ModelListener::debugMessageChanged()	0	static
../../TouchGFX/gui/include/gui/competitionscreen_screen/CompetitionScreenPresenter.hpp:28:13:CompetitionScreenPresenter::~CompetitionScreenPresenter()	0	static
C:/Users/Francesco/Downloads/FirstInfotainmentAU1/FirstInfotainmentAU1/TouchGFX/gui/src/competitionscreen_screen/CompetitionScreenPresenter.cpp:10:6:virtual void CompetitionScreenPresenter::activate()	0	static
C:/Users/Francesco/Downloads/FirstInfotainmentAU1/FirstInfotainmentAU1/TouchGFX/gui/src/competitionscreen_screen/CompetitionScreenPresenter.cpp:15:6:virtual void CompetitionScreenPresenter::deactivate()	0	static
../../TouchGFX/gui/include/gui/competitionscreen_screen/CompetitionScreenPresenter.hpp:28:13:virtual CompetitionScreenPresenter::~CompetitionScreenPresenter()	8	static
C:/Users/Francesco/Downloads/FirstInfotainmentAU1/FirstInfotainmentAU1/TouchGFX/gui/src/competitionscreen_screen/CompetitionScreenPresenter.cpp:20:6:virtual void CompetitionScreenPresenter::missionChanged()	0	static
../../TouchGFX/gui/include/gui/competitionscreen_screen/CompetitionScreenPresenter.hpp:28:13:virtual void* CompetitionScreenPresenter::_ZThn4_N26CompetitionScreenPresenterD1Ev()	0	static
C:/Users/Francesco/Downloads/FirstInfotainmentAU1/FirstInfotainmentAU1/TouchGFX/gui/src/competitionscreen_screen/CompetitionScreenPresenter.cpp:4:1:CompetitionScreenPresenter::CompetitionScreenPresenter(CompetitionScreenView&)	8	static
