../../TouchGFX/gui/include/gui/model/ModelListener.hpp:15:18:virtual void ModelListener::debugMessageChanged()	0	static
../../TouchGFX/gui/include/gui/model/ModelListener.hpp:16:18:virtual void ModelListener::missionChanged()	0	static
../../TouchGFX/gui/include/gui/driverscreen_screen/DriverScreenPresenter.hpp:31:13:DriverScreenPresenter::~DriverScreenPresenter()	0	static
C:/Users/Francesco/Downloads/FirstInfotainmentAU1/FirstInfotainmentAU1/TouchGFX/gui/src/driverscreen_screen/DriverScreenPresenter.cpp:10:6:virtual void DriverScreenPresenter::activate()	8	static
C:/Users/Francesco/Downloads/FirstInfotainmentAU1/FirstInfotainmentAU1/TouchGFX/gui/src/driverscreen_screen/DriverScreenPresenter.cpp:16:6:virtual void DriverScreenPresenter::deactivate()	0	static
../../TouchGFX/gui/include/gui/driverscreen_screen/DriverScreenPresenter.hpp:31:13:virtual DriverScreenPresenter::~DriverScreenPresenter()	8	static
C:/Users/Francesco/Downloads/FirstInfotainmentAU1/FirstInfotainmentAU1/TouchGFX/gui/src/driverscreen_screen/DriverScreenPresenter.cpp:21:6:virtual void DriverScreenPresenter::gearChanged()	0	static
C:/Users/Francesco/Downloads/FirstInfotainmentAU1/FirstInfotainmentAU1/TouchGFX/gui/src/driverscreen_screen/DriverScreenPresenter.cpp:25:6:virtual void DriverScreenPresenter::infoChanged()	8	static
../../TouchGFX/gui/include/gui/driverscreen_screen/DriverScreenPresenter.hpp:31:13:virtual void* DriverScreenPresenter::_ZThn4_N21DriverScreenPresenterD1Ev()	0	static
C:/Users/Francesco/Downloads/FirstInfotainmentAU1/FirstInfotainmentAU1/TouchGFX/gui/src/driverscreen_screen/DriverScreenPresenter.cpp:4:1:DriverScreenPresenter::DriverScreenPresenter(DriverScreenView&)	8	static
