../../Middlewares/ST/touchgfx/framework/include/touchgfx/Screen.hpp:104:18:virtual void touchgfx::Screen::afterTransition()	0	static
../../Middlewares/ST/touchgfx/framework/include/touchgfx/Screen.hpp:144:18:virtual void touchgfx::Screen::handleTickEvent()	0	static
../../Middlewares/ST/touchgfx/framework/include/touchgfx/Screen.hpp:154:18:virtual void touchgfx::Screen::handleKeyEvent(uint8_t)	0	static
C:/Users/nuc/Desktop/FirstInfotainmentAU1/TouchGFX/gui/src/driverscreen_screen/DriverScreenView.cpp:10:6:virtual void DriverScreenView::tearDownScreen()	0	static
../../TouchGFX/gui/include/gui/driverscreen_screen/DriverScreenView.hpp:11:13:DriverScreenView::~DriverScreenView()	8	static
../../TouchGFX/gui/include/gui/driverscreen_screen/DriverScreenView.hpp:11:13:virtual DriverScreenView::~DriverScreenView()	8	static
C:/Users/nuc/Desktop/FirstInfotainmentAU1/TouchGFX/gui/src/driverscreen_screen/DriverScreenView.cpp:4:1:DriverScreenView::DriverScreenView()	8	static
C:/Users/nuc/Desktop/FirstInfotainmentAU1/TouchGFX/gui/src/driverscreen_screen/DriverScreenView.cpp:6:6:virtual void DriverScreenView::setupScreen()	0	static
C:/Users/nuc/Desktop/FirstInfotainmentAU1/TouchGFX/gui/src/driverscreen_screen/DriverScreenView.cpp:14:6:void DriverScreenView::setGear(int)	8	static
C:/Users/nuc/Desktop/FirstInfotainmentAU1/TouchGFX/gui/src/driverscreen_screen/DriverScreenView.cpp:25:6:void DriverScreenView::setRpm(int)	8	static
C:/Users/nuc/Desktop/FirstInfotainmentAU1/TouchGFX/gui/src/driverscreen_screen/DriverScreenView.cpp:30:6:void DriverScreenView::setLap(int)	8	static
C:/Users/nuc/Desktop/FirstInfotainmentAU1/TouchGFX/gui/src/driverscreen_screen/DriverScreenView.cpp:35:6:void DriverScreenView::setSpeed(int)	8	static
C:/Users/nuc/Desktop/FirstInfotainmentAU1/TouchGFX/gui/src/driverscreen_screen/DriverScreenView.cpp:40:6:void DriverScreenView::setRES(int)	8	static
C:/Users/nuc/Desktop/FirstInfotainmentAU1/TouchGFX/gui/src/driverscreen_screen/DriverScreenView.cpp:62:6:void DriverScreenView::setLC(bool)	8	static
C:/Users/nuc/Desktop/FirstInfotainmentAU1/TouchGFX/gui/src/driverscreen_screen/DriverScreenView.cpp:76:6:void DriverScreenView::setCLT(bool)	8	static
C:/Users/nuc/Desktop/FirstInfotainmentAU1/TouchGFX/gui/src/driverscreen_screen/DriverScreenView.cpp:91:6:void DriverScreenView::setTmot(int)	8	static
C:/Users/nuc/Desktop/FirstInfotainmentAU1/TouchGFX/gui/src/driverscreen_screen/DriverScreenView.cpp:96:6:void DriverScreenView::setToil(int)	8	static
C:/Users/nuc/Desktop/FirstInfotainmentAU1/TouchGFX/gui/src/driverscreen_screen/DriverScreenView.cpp:101:6:void DriverScreenView::setTorin(int)	8	static
C:/Users/nuc/Desktop/FirstInfotainmentAU1/TouchGFX/gui/src/driverscreen_screen/DriverScreenView.cpp:106:6:void DriverScreenView::setPoil(float)	16	static
C:/Users/nuc/Desktop/FirstInfotainmentAU1/TouchGFX/gui/src/driverscreen_screen/DriverScreenView.cpp:111:6:void DriverScreenView::setPfuel(float)	16	static
C:/Users/nuc/Desktop/FirstInfotainmentAU1/TouchGFX/gui/src/driverscreen_screen/DriverScreenView.cpp:116:6:void DriverScreenView::setPbrake(int)	8	static
C:/Users/nuc/Desktop/FirstInfotainmentAU1/TouchGFX/gui/src/driverscreen_screen/DriverScreenView.cpp:121:6:void DriverScreenView::setTPS(int)	8	static
C:/Users/nuc/Desktop/FirstInfotainmentAU1/TouchGFX/gui/src/driverscreen_screen/DriverScreenView.cpp:126:6:void DriverScreenView::setBat12(float)	16	static
C:/Users/nuc/Desktop/FirstInfotainmentAU1/TouchGFX/gui/src/driverscreen_screen/DriverScreenView.cpp:131:6:void DriverScreenView::setBat24(float)	16	static
