../../Middlewares/ST/touchgfx/framework/include/touchgfx/Screen.hpp:104:18:virtual void touchgfx::Screen::afterTransition()	0	static
../../Middlewares/ST/touchgfx/framework/include/touchgfx/Screen.hpp:144:18:virtual void touchgfx::Screen::handleTickEvent()	0	static
../../Middlewares/ST/touchgfx/framework/include/touchgfx/Screen.hpp:154:18:virtual void touchgfx::Screen::handleKeyEvent(uint8_t)	0	static
C:/Users/nuc/Desktop/FirstInfotainmentAU1/TouchGFX/gui/src/maininfotaiment_screen/MainInfotaimentView.cpp:14:6:virtual void MainInfotaimentView::tearDownScreen()	0	static
../../TouchGFX/gui/include/gui/maininfotaiment_screen/MainInfotaimentView.hpp:28:13:MainInfotaimentView::~MainInfotaimentView()	8	static
../../TouchGFX/gui/include/gui/maininfotaiment_screen/MainInfotaimentView.hpp:28:13:virtual MainInfotaimentView::~MainInfotaimentView()	8	static
C:/Users/nuc/Desktop/FirstInfotainmentAU1/TouchGFX/gui/src/maininfotaiment_screen/MainInfotaimentView.cpp:4:1:MainInfotaimentView::MainInfotaimentView()	8	static
C:/Users/nuc/Desktop/FirstInfotainmentAU1/TouchGFX/gui/src/maininfotaiment_screen/MainInfotaimentView.cpp:9:6:virtual void MainInfotaimentView::setupScreen()	0	static
C:/Users/nuc/Desktop/FirstInfotainmentAU1/TouchGFX/gui/src/maininfotaiment_screen/MainInfotaimentView.cpp:19:6:void MainInfotaimentView::setGear(int)	8	static
C:/Users/nuc/Desktop/FirstInfotainmentAU1/TouchGFX/gui/src/maininfotaiment_screen/MainInfotaimentView.cpp:33:6:void MainInfotaimentView::setSpeed(int)	8	static
C:/Users/nuc/Desktop/FirstInfotainmentAU1/TouchGFX/gui/src/maininfotaiment_screen/MainInfotaimentView.cpp:135:6:void MainInfotaimentView::setP_Fuel(float)	16	static
C:/Users/nuc/Desktop/FirstInfotainmentAU1/TouchGFX/gui/src/maininfotaiment_screen/MainInfotaimentView.cpp:184:6:void MainInfotaimentView::setRES(int)	8	static
C:/Users/nuc/Desktop/FirstInfotainmentAU1/TouchGFX/gui/src/maininfotaiment_screen/MainInfotaimentView.cpp:207:6:void MainInfotaimentView::setLC(bool)	8	static
C:/Users/nuc/Desktop/FirstInfotainmentAU1/TouchGFX/gui/src/maininfotaiment_screen/MainInfotaimentView.cpp:225:6:void MainInfotaimentView::setCLT(bool)	8	static
C:/Users/nuc/Desktop/FirstInfotainmentAU1/TouchGFX/gui/src/maininfotaiment_screen/MainInfotaimentView.cpp:260:6:void MainInfotaimentView::setLap(int)	8	static
C:/Users/nuc/Desktop/FirstInfotainmentAU1/TouchGFX/gui/src/maininfotaiment_screen/MainInfotaimentView.cpp:269:6:void MainInfotaimentView::setDebugMessage(const char*)	8	static
C:/Users/nuc/Desktop/FirstInfotainmentAU1/TouchGFX/gui/src/maininfotaiment_screen/MainInfotaimentView.cpp:140:6:void MainInfotaimentView::setThrottle_Perc(int)	0	static
C:/Users/nuc/Desktop/FirstInfotainmentAU1/TouchGFX/gui/src/maininfotaiment_screen/MainInfotaimentView.cpp:145:6:void MainInfotaimentView::setFrontBrake_Perc(int)	0	static
C:/Users/nuc/Desktop/FirstInfotainmentAU1/TouchGFX/gui/src/maininfotaiment_screen/MainInfotaimentView.cpp:150:6:void MainInfotaimentView::setRearBrake_Perc(int)	0	static
C:/Users/nuc/Desktop/FirstInfotainmentAU1/TouchGFX/gui/src/maininfotaiment_screen/MainInfotaimentView.cpp:42:6:void MainInfotaimentView::setRpm(int)	24	static
C:/Users/nuc/Desktop/FirstInfotainmentAU1/TouchGFX/gui/src/maininfotaiment_screen/MainInfotaimentView.cpp:84:6:void MainInfotaimentView::setT_Water(int)	24	static
C:/Users/nuc/Desktop/FirstInfotainmentAU1/TouchGFX/gui/src/maininfotaiment_screen/MainInfotaimentView.cpp:101:6:void MainInfotaimentView::setT_Oil(int)	24	static
C:/Users/nuc/Desktop/FirstInfotainmentAU1/TouchGFX/gui/src/maininfotaiment_screen/MainInfotaimentView.cpp:118:6:void MainInfotaimentView::setP_Oil(float)	32	static
C:/Users/nuc/Desktop/FirstInfotainmentAU1/TouchGFX/gui/src/maininfotaiment_screen/MainInfotaimentView.cpp:155:6:void MainInfotaimentView::setOrinTemperature(float)	32	static
C:/Users/nuc/Desktop/FirstInfotainmentAU1/TouchGFX/gui/src/maininfotaiment_screen/MainInfotaimentView.cpp:171:6:void MainInfotaimentView::setVoltage24v(float)	32	static
C:/Users/nuc/Desktop/FirstInfotainmentAU1/TouchGFX/gui/src/maininfotaiment_screen/MainInfotaimentView.cpp:243:6:void MainInfotaimentView::setBattery_V(float)	32	static
