../../Middlewares/ST/touchgfx/framework/include/touchgfx/Drawable.hpp:315:18:virtual void touchgfx::Drawable::setX(int16_t)	0	static
../../Middlewares/ST/touchgfx/framework/include/touchgfx/Drawable.hpp:327:18:virtual void touchgfx::Drawable::setY(int16_t)	0	static
../../Middlewares/ST/touchgfx/framework/include/touchgfx/Drawable.hpp:356:18:virtual void touchgfx::Drawable::setWidth(int16_t)	0	static
../../Middlewares/ST/touchgfx/framework/include/touchgfx/Drawable.hpp:368:18:virtual void touchgfx::Drawable::setHeight(int16_t)	0	static
../../Middlewares/ST/touchgfx/framework/include/touchgfx/Drawable.hpp:378:18:virtual void touchgfx::Drawable::childGeometryChanged()	0	static
../../Middlewares/ST/touchgfx/framework/include/touchgfx/Drawable.hpp:389:18:virtual void touchgfx::Drawable::handleClickEvent(const touchgfx::ClickEvent&)	0	static
../../Middlewares/ST/touchgfx/framework/include/touchgfx/Drawable.hpp:401:18:virtual void touchgfx::Drawable::handleGestureEvent(const touchgfx::GestureEvent&)	0	static
../../Middlewares/ST/touchgfx/framework/include/touchgfx/Drawable.hpp:490:18:virtual void touchgfx::Drawable::handleDragEvent(const touchgfx::DragEvent&)	0	static
../../Middlewares/ST/touchgfx/framework/include/touchgfx/Drawable.hpp:501:18:virtual void touchgfx::Drawable::handleTickEvent()	0	static
../../Middlewares/ST/touchgfx/framework/include/touchgfx/Drawable.hpp:588:18:virtual void touchgfx::Drawable::moveTo(int16_t, int16_t)	4	static
../../Middlewares/ST/touchgfx/framework/include/touchgfx/containers/Container.hpp:165:23:virtual touchgfx::Drawable* touchgfx::Container::getFirstChild()	0	static
../../Middlewares/ST/touchgfx/framework/include/touchgfx/TypedText.hpp:65:13:touchgfx::TypedText::~TypedText()	0	static
../../Middlewares/ST/touchgfx/framework/include/touchgfx/TypedText.hpp:65:13:virtual touchgfx::TypedText::~TypedText()	8	static
../../TouchGFX/gui/include/gui/containers/missionBtnContainer.hpp:11:13:missionBtnContainer::~missionBtnContainer()	8	static
../../TouchGFX/gui/include/gui/containers/missionBtnContainer.hpp:11:13:virtual missionBtnContainer::~missionBtnContainer()	8	static
../../Middlewares/ST/touchgfx/framework/include/touchgfx/Drawable.hpp:121:18:virtual void touchgfx::Drawable::invalidateContent() const	0	static
C:/Users/Francesco/Downloads/FirstInfotainmentAU1/FirstInfotainmentAU1/TouchGFX/gui/src/containers/missionBtnContainer.cpp:3:1:missionBtnContainer::missionBtnContainer()	8	static
C:/Users/Francesco/Downloads/FirstInfotainmentAU1/FirstInfotainmentAU1/TouchGFX/gui/src/containers/missionBtnContainer.cpp:13:6:void missionBtnContainer::setText(TEXTS)	24	static
C:/Users/Francesco/Downloads/FirstInfotainmentAU1/FirstInfotainmentAU1/TouchGFX/gui/src/containers/missionBtnContainer.cpp:8:6:virtual void missionBtnContainer::initialize()	0	static
C:/Users/Francesco/Downloads/FirstInfotainmentAU1/FirstInfotainmentAU1/TouchGFX/gui/src/containers/missionBtnContainer.cpp:20:6:void missionBtnContainer::doClickAnimation()	0	static
