../../Middlewares/ST/touchgfx/framework/include/touchgfx/Screen.hpp:104:18:virtual void touchgfx::Screen::afterTransition()	0	static
../../Middlewares/ST/touchgfx/framework/include/touchgfx/Screen.hpp:144:18:virtual void touchgfx::Screen::handleTickEvent()	0	static
../../Middlewares/ST/touchgfx/framework/include/touchgfx/Screen.hpp:154:18:virtual void touchgfx::Screen::handleKeyEvent(uint8_t)	0	static
C:/Users/Enrico/Formula/FirstInfotainmentAU1/TouchGFX/gui/src/missionselect_screen/MissionSelectView.cpp:54:6:virtual void MissionSelectView::tearDownScreen()	0	static
C:/Users/Enrico/Formula/FirstInfotainmentAU1/TouchGFX/gui/src/missionselect_screen/MissionSelectView.cpp:10:6:virtual void MissionSelectView::onChassisResetClicked()	0	static
C:/Users/Enrico/Formula/FirstInfotainmentAU1/TouchGFX/gui/src/missionselect_screen/MissionSelectView.cpp:14:6:virtual void MissionSelectView::onIdleBtnClicked()	0	static
C:/Users/Enrico/Formula/FirstInfotainmentAU1/TouchGFX/gui/src/missionselect_screen/MissionSelectView.cpp:18:6:virtual void MissionSelectView::onAccelerationBtnClicked()	0	static
C:/Users/Enrico/Formula/FirstInfotainmentAU1/TouchGFX/gui/src/missionselect_screen/MissionSelectView.cpp:22:6:virtual void MissionSelectView::onSkidpadBtnClicked()	0	static
C:/Users/Enrico/Formula/FirstInfotainmentAU1/TouchGFX/gui/src/missionselect_screen/MissionSelectView.cpp:26:6:virtual void MissionSelectView::onAutocrossBtnClicked()	0	static
C:/Users/Enrico/Formula/FirstInfotainmentAU1/TouchGFX/gui/src/missionselect_screen/MissionSelectView.cpp:30:6:virtual void MissionSelectView::onTrackdriveBtnClicked()	0	static
C:/Users/Enrico/Formula/FirstInfotainmentAU1/TouchGFX/gui/src/missionselect_screen/MissionSelectView.cpp:34:6:virtual void MissionSelectView::onEbsTestBtnClicked()	0	static
C:/Users/Enrico/Formula/FirstInfotainmentAU1/TouchGFX/gui/src/missionselect_screen/MissionSelectView.cpp:38:6:virtual void MissionSelectView::onInspectionBtnClicked()	0	static
C:/Users/Enrico/Formula/FirstInfotainmentAU1/TouchGFX/gui/src/missionselect_screen/MissionSelectView.cpp:42:6:virtual void MissionSelectView::onManualBtnClicked()	0	static
C:/Users/Enrico/Formula/FirstInfotainmentAU1/TouchGFX/gui/src/missionselect_screen/MissionSelectView.cpp:46:6:virtual void MissionSelectView::onDebugBtnClicked()	0	static
../../TouchGFX/gui/include/gui/missionselect_screen/MissionSelectView.hpp:14:13:MissionSelectView::~MissionSelectView()	8	static
../../TouchGFX/gui/include/gui/missionselect_screen/MissionSelectView.hpp:14:13:virtual MissionSelectView::~MissionSelectView()	8	static
C:/Users/Enrico/Formula/FirstInfotainmentAU1/TouchGFX/gui/src/missionselect_screen/MissionSelectView.cpp:50:1:MissionSelectView::MissionSelectView()	8	static
C:/Users/Enrico/Formula/FirstInfotainmentAU1/TouchGFX/gui/src/missionselect_screen/MissionSelectView.cpp:5:6:virtual void MissionSelectView::setupScreen()	0	static
