../../TouchGFX/gui/include/gui/model/ModelListener.hpp:13:18:virtual void ModelListener::gearChanged()	0	static
../../TouchGFX/gui/include/gui/model/ModelListener.hpp:14:18:virtual void ModelListener::infoChanged()	0	static
../../TouchGFX/gui/include/gui/model/ModelListener.hpp:15:18:virtual void ModelListener::debugMessageChanged()	0	static
../../TouchGFX/gui/include/gui/model/ModelListener.hpp:16:18:virtual void ModelListener::missionChanged()	0	static
../../TouchGFX/gui/include/gui/missionselect_screen/MissionSelectPresenter.hpp:33:13:MissionSelectPresenter::~MissionSelectPresenter()	0	static
C:/Users/nuc/Desktop/FirstInfotainmentAU1/TouchGFX/gui/src/missionselect_screen/MissionSelectPresenter.cpp:11:6:virtual void MissionSelectPresenter::activate()	0	static
../../TouchGFX/gui/include/gui/missionselect_screen/MissionSelectPresenter.hpp:33:13:virtual MissionSelectPresenter::~MissionSelectPresenter()	8	static
../../TouchGFX/gui/include/gui/missionselect_screen/MissionSelectPresenter.hpp:33:13:virtual void* MissionSelectPresenter::_ZThn4_N22MissionSelectPresenterD1Ev()	0	static
C:/Users/nuc/Desktop/FirstInfotainmentAU1/TouchGFX/gui/src/missionselect_screen/MissionSelectPresenter.cpp:4:1:MissionSelectPresenter::MissionSelectPresenter(MissionSelectView&)	8	static
C:/Users/nuc/Desktop/FirstInfotainmentAU1/TouchGFX/gui/src/missionselect_screen/MissionSelectPresenter.cpp:21:6:void MissionSelectPresenter::requestMission(MmrMission)	0	static
C:/Users/nuc/Desktop/FirstInfotainmentAU1/TouchGFX/gui/src/missionselect_screen/MissionSelectPresenter.cpp:26:6:void MissionSelectPresenter::requestChassisReset()	0	static
