C:/Users/nuc/Desktop/FirstInfotainmentAU1/TouchGFX/gui/src/model/Model.cpp:7:1:Model::Model()	16	static
C:/Users/nuc/Desktop/FirstInfotainmentAU1/TouchGFX/gui/src/model/Model.cpp:54:6:void Model::tick()	16	static
C:/Users/nuc/Desktop/FirstInfotainmentAU1/TouchGFX/gui/src/model/Model.cpp:130:6:void Model::requestChassisReset()	16	static
C:/Users/nuc/Desktop/FirstInfotainmentAU1/TouchGFX/gui/src/model/Model.cpp:141:6:void Model::commonAfterRequestMission(MmrMission)	8	static
C:/Users/nuc/Desktop/FirstInfotainmentAU1/TouchGFX/gui/src/model/Model.cpp:121:6:void Model::requestMission(MmrMission)	24	static
