../../TouchGFX/gui/include/gui/model/ModelListener.hpp:13:18:virtual void ModelListener::gearChanged()	0	static
../../TouchGFX/gui/include/gui/model/ModelListener.hpp:14:18:virtual void ModelListener::infoChanged()	0	static
../../TouchGFX/gui/include/gui/model/ModelListener.hpp:15:18:virtual void ModelListener::debugMessageChanged()	0	static
../../TouchGFX/gui/include/gui/model/ModelListener.hpp:16:18:virtual void ModelListener::missionChanged()	0	static
../../TouchGFX/gui/include/gui/startup_screen/StartupPresenter.hpp:28:13:StartupPresenter::~StartupPresenter()	0	static
C:/Users/nuc/Desktop/FirstInfotainmentAU1/TouchGFX/gui/src/startup_screen/StartupPresenter.cpp:10:6:virtual void StartupPresenter::activate()	0	static
../../TouchGFX/gui/include/gui/startup_screen/StartupPresenter.hpp:28:13:virtual StartupPresenter::~StartupPresenter()	8	static
../../TouchGFX/gui/include/gui/startup_screen/StartupPresenter.hpp:28:13:virtual void* StartupPresenter::_ZThn4_N16StartupPresenterD1Ev()	0	static
C:/Users/nuc/Desktop/FirstInfotainmentAU1/TouchGFX/gui/src/startup_screen/StartupPresenter.cpp:4:1:StartupPresenter::StartupPresenter(StartupView&)	8	static
